#-----------------------------------------------------------
# Vivado v2024.1 (64-bit)
# SW Build 5076996 on Wed May 22 18:37:14 MDT 2024
# IP Build 5075265 on Wed May 22 21:45:21 MDT 2024
# SharedData Build 5076995 on Wed May 22 18:29:18 MDT 2024
# Start of session at: Wed Oct 22 13:09:23 2025
# Process ID: 2444
# Current directory: C:/sscproiect/project_1/project_1.runs/impl_1
# Command line: vivado.exe -log test_ethernet.vdi -applog -product Vivado -messageDb vivado.pb -mode batch -source test_ethernet.tcl -notrace
# Log file: C:/sscproiect/project_1/project_1.runs/impl_1/test_ethernet.vdi
# Journal file: C:/sscproiect/project_1/project_1.runs/impl_1\vivado.jou
# Running On        :Laptop_Adi
# Platform          :Windows Server 2016 or Windows 10
# Operating System  :26200
# Processor Detail  :11th Gen Intel(R) Core(TM) i7-11800H @ 2.30GHz
# CPU Frequency     :2304 MHz
# CPU Physical cores:8
# CPU Logical cores :16
# Host memory       :16893 MB
# Swap memory       :24696 MB
# Total Virtual     :41589 MB
# Available Virtual :25406 MB
#-----------------------------------------------------------
source test_ethernet.tcl -notrace
